

================================================================
== Vitis HLS Report for 'quad_frame_remapper_Pipeline_3'
================================================================
* Date:           Wed Feb 25 19:26:54 2026

* Version:        2025.1 (Build 6135595 on May 21 2025)
* Project:        hls_component
* Solution:       hls (Vivado IP Flow Target)
* Product family: zynq
* Target device:  xc7z020-clg400-1


================================================================
== Performance Estimates
================================================================
+ Timing: 
    * Summary: 
    +--------+----------+----------+------------+
    |  Clock |  Target  | Estimated| Uncertainty|
    +--------+----------+----------+------------+
    |ap_clk  |  10.00 ns|  7.300 ns|     2.70 ns|
    +--------+----------+----------+------------+

+ Latency: 
    * Summary: 
    +---------+---------+----------+----------+-----+-----+------------------------------------------------+
    |  Latency (cycles) |  Latency (absolute) |  Interval |                    Pipeline                    |
    |   min   |   max   |    min   |    max   | min | max |                      Type                      |
    +---------+---------+----------+----------+-----+-----+------------------------------------------------+
    |      363|      363|  3.630 us|  3.630 us|  361|  361|  loop auto-rewind stp (delay=0 clock cycles(s))|
    +---------+---------+----------+----------+-----+-----+------------------------------------------------+

    + Detail: 
        * Instance: 
        N/A

        * Loop: 
        +----------+---------+---------+----------+-----------+-----------+------+----------+
        |          |  Latency (cycles) | Iteration|  Initiation Interval  | Trip |          |
        | Loop Name|   min   |   max   |  Latency |  achieved |   target  | Count| Pipelined|
        +----------+---------+---------+----------+-----------+-----------+------+----------+
        |- Loop 1  |      361|      361|         3|          1|          1|   360|       yes|
        +----------+---------+---------+----------+-----------+-----------+------+----------+



================================================================
== Utilization Estimates
================================================================
* Summary: 
+-----------------+---------+-----+--------+-------+-----+
|       Name      | BRAM_18K| DSP |   FF   |  LUT  | URAM|
+-----------------+---------+-----+--------+-------+-----+
|DSP              |        -|    -|       -|      -|    -|
|Expression       |        -|    -|       0|     32|    -|
|FIFO             |        -|    -|       -|      -|    -|
|Instance         |        -|    -|       -|      -|    -|
|Memory           |        -|    -|       -|      -|    -|
|Multiplexer      |        -|    -|       0|     45|    -|
|Register         |        -|    -|     161|      -|    -|
+-----------------+---------+-----+--------+-------+-----+
|Total            |        0|    0|     161|     77|    0|
+-----------------+---------+-----+--------+-------+-----+
|Available        |      280|  220|  106400|  53200|    0|
+-----------------+---------+-----+--------+-------+-----+
|Utilization (%)  |        0|    0|      ~0|     ~0|    0|
+-----------------+---------+-----+--------+-------+-----+

+ Detail: 
    * Instance: 
    N/A

    * DSP: 
    N/A

    * Memory: 
    N/A

    * FIFO: 
    N/A

    * Expression: 
    +---------------------------+----------+----+---+----+------------+------------+
    |       Variable Name       | Operation| DSP| FF| LUT| Bitwidth P0| Bitwidth P1|
    +---------------------------+----------+----+---+----+------------+------------+
    |empty_fu_96_p2             |         +|   0|  0|  14|           9|           1|
    |ap_block_pp0_stage0_11001  |       and|   0|  0|   2|           1|           1|
    |exitcond9_fu_90_p2         |      icmp|   0|  0|  14|           9|           9|
    |ap_enable_pp0              |       xor|   0|  0|   2|           1|           2|
    +---------------------------+----------+----+---+----+------------+------------+
    |Total                      |          |   0|  0|  32|          20|          13|
    +---------------------------+----------+----+---+----+------------+------------+

    * Multiplexer: 
    +-----------------------------------+----+-----------+-----+-----------+
    |                Name               | LUT| Input Size| Bits| Total Bits|
    +-----------------------------------+----+-----------+-----+-----------+
    |ap_done_int                        |   9|          2|    1|          2|
    |ap_enable_reg_pp0_iter1            |   9|          2|    1|          2|
    |ap_sig_allocacmp_loop_index5_load  |   9|          2|    9|         18|
    |gmem0_blk_n_R                      |   9|          2|    1|          2|
    |loop_index5_fu_50                  |   9|          2|    9|         18|
    +-----------------------------------+----+-----------+-----+-----------+
    |Total                              |  45|         10|   21|         42|
    +-----------------------------------+----+-----------+-----+-----------+

    * Register: 
    +-------------------------------------------+-----+----+-----+-----------+
    |                    Name                   |  FF | LUT| Bits| Const Bits|
    +-------------------------------------------+-----+----+-----+-----------+
    |ap_CS_fsm                                  |    1|   0|    1|          0|
    |ap_block_pp0_stage0_subdone_grp0_done_reg  |    1|   0|    1|          0|
    |ap_done_reg                                |    1|   0|    1|          0|
    |ap_enable_reg_pp0_iter1                    |    1|   0|    1|          0|
    |ap_enable_reg_pp0_iter2                    |    1|   0|    1|          0|
    |ap_loop_exit_ready_pp0_iter1_reg           |    1|   0|    1|          0|
    |gmem0_addr_read_reg_138                    |  128|   0|  128|          0|
    |loop_index5_fu_50                          |    9|   0|    9|          0|
    |loop_index5_load_reg_129                   |    9|   0|    9|          0|
    |loop_index5_load_reg_129_pp0_iter1_reg     |    9|   0|    9|          0|
    +-------------------------------------------+-----+----+-----+-----------+
    |Total                                      |  161|   0|  161|          0|
    +-------------------------------------------+-----+----+-----+-----------+



================================================================
== Interface
================================================================
* Summary: 
+------------------------+-----+-----+------------+--------------------------------+--------------+
|        RTL Ports       | Dir | Bits|  Protocol  |          Source Object         |    C Type    |
+------------------------+-----+-----+------------+--------------------------------+--------------+
|ap_clk                  |   in|    1|  ap_ctrl_hs|  quad_frame_remapper_Pipeline_3|  return value|
|ap_rst                  |   in|    1|  ap_ctrl_hs|  quad_frame_remapper_Pipeline_3|  return value|
|ap_start                |   in|    1|  ap_ctrl_hs|  quad_frame_remapper_Pipeline_3|  return value|
|ap_done                 |  out|    1|  ap_ctrl_hs|  quad_frame_remapper_Pipeline_3|  return value|
|ap_idle                 |  out|    1|  ap_ctrl_hs|  quad_frame_remapper_Pipeline_3|  return value|
|ap_ready                |  out|    1|  ap_ctrl_hs|  quad_frame_remapper_Pipeline_3|  return value|
|m_axi_gmem0_0_AWVALID   |  out|    1|       m_axi|                           gmem0|       pointer|
|m_axi_gmem0_0_AWREADY   |   in|    1|       m_axi|                           gmem0|       pointer|
|m_axi_gmem0_0_AWADDR    |  out|   64|       m_axi|                           gmem0|       pointer|
|m_axi_gmem0_0_AWID      |  out|    1|       m_axi|                           gmem0|       pointer|
|m_axi_gmem0_0_AWLEN     |  out|   32|       m_axi|                           gmem0|       pointer|
|m_axi_gmem0_0_AWSIZE    |  out|    3|       m_axi|                           gmem0|       pointer|
|m_axi_gmem0_0_AWBURST   |  out|    2|       m_axi|                           gmem0|       pointer|
|m_axi_gmem0_0_AWLOCK    |  out|    2|       m_axi|                           gmem0|       pointer|
|m_axi_gmem0_0_AWCACHE   |  out|    4|       m_axi|                           gmem0|       pointer|
|m_axi_gmem0_0_AWPROT    |  out|    3|       m_axi|                           gmem0|       pointer|
|m_axi_gmem0_0_AWQOS     |  out|    4|       m_axi|                           gmem0|       pointer|
|m_axi_gmem0_0_AWREGION  |  out|    4|       m_axi|                           gmem0|       pointer|
|m_axi_gmem0_0_AWUSER    |  out|    1|       m_axi|                           gmem0|       pointer|
|m_axi_gmem0_0_WVALID    |  out|    1|       m_axi|                           gmem0|       pointer|
|m_axi_gmem0_0_WREADY    |   in|    1|       m_axi|                           gmem0|       pointer|
|m_axi_gmem0_0_WDATA     |  out|  128|       m_axi|                           gmem0|       pointer|
|m_axi_gmem0_0_WSTRB     |  out|   16|       m_axi|                           gmem0|       pointer|
|m_axi_gmem0_0_WLAST     |  out|    1|       m_axi|                           gmem0|       pointer|
|m_axi_gmem0_0_WID       |  out|    1|       m_axi|                           gmem0|       pointer|
|m_axi_gmem0_0_WUSER     |  out|    1|       m_axi|                           gmem0|       pointer|
|m_axi_gmem0_0_ARVALID   |  out|    1|       m_axi|                           gmem0|       pointer|
|m_axi_gmem0_0_ARREADY   |   in|    1|       m_axi|                           gmem0|       pointer|
|m_axi_gmem0_0_ARADDR    |  out|   64|       m_axi|                           gmem0|       pointer|
|m_axi_gmem0_0_ARID      |  out|    1|       m_axi|                           gmem0|       pointer|
|m_axi_gmem0_0_ARLEN     |  out|   32|       m_axi|                           gmem0|       pointer|
|m_axi_gmem0_0_ARSIZE    |  out|    3|       m_axi|                           gmem0|       pointer|
|m_axi_gmem0_0_ARBURST   |  out|    2|       m_axi|                           gmem0|       pointer|
|m_axi_gmem0_0_ARLOCK    |  out|    2|       m_axi|                           gmem0|       pointer|
|m_axi_gmem0_0_ARCACHE   |  out|    4|       m_axi|                           gmem0|       pointer|
|m_axi_gmem0_0_ARPROT    |  out|    3|       m_axi|                           gmem0|       pointer|
|m_axi_gmem0_0_ARQOS     |  out|    4|       m_axi|                           gmem0|       pointer|
|m_axi_gmem0_0_ARREGION  |  out|    4|       m_axi|                           gmem0|       pointer|
|m_axi_gmem0_0_ARUSER    |  out|    1|       m_axi|                           gmem0|       pointer|
|m_axi_gmem0_0_RVALID    |   in|    1|       m_axi|                           gmem0|       pointer|
|m_axi_gmem0_0_RREADY    |  out|    1|       m_axi|                           gmem0|       pointer|
|m_axi_gmem0_0_RDATA     |   in|  128|       m_axi|                           gmem0|       pointer|
|m_axi_gmem0_0_RLAST     |   in|    1|       m_axi|                           gmem0|       pointer|
|m_axi_gmem0_0_RID       |   in|    1|       m_axi|                           gmem0|       pointer|
|m_axi_gmem0_0_RFIFONUM  |   in|   11|       m_axi|                           gmem0|       pointer|
|m_axi_gmem0_0_RUSER     |   in|    1|       m_axi|                           gmem0|       pointer|
|m_axi_gmem0_0_RRESP     |   in|    2|       m_axi|                           gmem0|       pointer|
|m_axi_gmem0_0_BVALID    |   in|    1|       m_axi|                           gmem0|       pointer|
|m_axi_gmem0_0_BREADY    |  out|    1|       m_axi|                           gmem0|       pointer|
|m_axi_gmem0_0_BRESP     |   in|    2|       m_axi|                           gmem0|       pointer|
|m_axi_gmem0_0_BID       |   in|    1|       m_axi|                           gmem0|       pointer|
|m_axi_gmem0_0_BUSER     |   in|    1|       m_axi|                           gmem0|       pointer|
|sext_ln123              |   in|   60|     ap_none|                      sext_ln123|        scalar|
|line_buf_in_address0    |  out|    9|   ap_memory|                     line_buf_in|         array|
|line_buf_in_ce0         |  out|    1|   ap_memory|                     line_buf_in|         array|
|line_buf_in_we0         |  out|    1|   ap_memory|                     line_buf_in|         array|
|line_buf_in_d0          |  out|  128|   ap_memory|                     line_buf_in|         array|
+------------------------+-----+-----+------------+--------------------------------+--------------+

